[htmldemo.net/furbar-1/furbar/index.html]
[backblue.gif]
[fade.gif]
[index.html]
[htmldemo.net/furbar-1/furbar/assets/images/favicon.png]
[htmldemo.net/furbar-1/furbar/assets/css/plugins/pe-icon-7-stroke.css]
[htmldemo.net/furbar-1/furbar/assets/css/plugins/font-awesome.min.css]
[htmldemo.net/furbar-1/furbar/assets/css/plugins/bootstrap.min.css]
[htmldemo.net/furbar-1/furbar/assets/css/plugins/animate.min.css]
[htmldemo.net/furbar-1/furbar/assets/css/plugins/swiper-bundle.min.css]
[htmldemo.net/furbar-1/furbar/assets/css/plugins/odometer.min.css]
[htmldemo.net/furbar-1/furbar/assets/css/plugins/select2.min.css]
[htmldemo.net/furbar-1/furbar/assets/css/plugins/ion.rangeSlider.min.css]
[htmldemo.net/furbar-1/furbar/assets/css/style.min.css]
[htmldemo.net/furbar-1/furbar/assets/images/logo.png]
[htmldemo.net/furbar-1/furbar/index-2.html]
[htmldemo.net/furbar-1/furbar/about.html]
[htmldemo.net/furbar-1/furbar/shop-grid-3-column.html]
[htmldemo.net/furbar-1/furbar/shop-grid-4-column.html]
[htmldemo.net/furbar-1/furbar/shop-grid-left-sidebar.html]
[htmldemo.net/furbar-1/furbar/shop-grid-right-sidebar.html]
[htmldemo.net/furbar-1/furbar/shop-list.html]
[htmldemo.net/furbar-1/furbar/shop-list-left-sidebar.html]
[htmldemo.net/furbar-1/furbar/shop-list-right-sidebar.html]
[htmldemo.net/furbar-1/furbar/product-details.html]
[htmldemo.net/furbar-1/furbar/product-details-affiliate.html]
[htmldemo.net/furbar-1/furbar/product-details-gallery.html]
[htmldemo.net/furbar-1/furbar/product-details-group.html]
[htmldemo.net/furbar-1/furbar/product-details-sticky.html]
[htmldemo.net/furbar-1/furbar/cart.html]
[htmldemo.net/furbar-1/furbar/wishlist.html]
[htmldemo.net/furbar-1/furbar/checkout.html]
[htmldemo.net/furbar-1/furbar/my-account.html]
[htmldemo.net/furbar-1/furbar/assets/images/banner-menu-01.jpg]
[htmldemo.net/furbar-1/furbar/assets/images/banner-menu-02.jpg]
[htmldemo.net/furbar-1/furbar/compare.html]
[htmldemo.net/furbar-1/furbar/empty-cart.html]
[htmldemo.net/furbar-1/furbar/login.html]
[htmldemo.net/furbar-1/furbar/register.html]
[htmldemo.net/furbar-1/furbar/blog-grid.html]
[htmldemo.net/furbar-1/furbar/blog-grid-left-sidebar.html]
[htmldemo.net/furbar-1/furbar/blog-grid-right-sidebar.html]
[htmldemo.net/furbar-1/furbar/blog-list-left-sidebar.html]
[htmldemo.net/furbar-1/furbar/blog-list-right-sidebar.html]
[htmldemo.net/furbar-1/furbar/blog-details-left-sidebar.html]
[htmldemo.net/furbar-1/furbar/blog-details-right-sidebar.html]
[htmldemo.net/furbar-1/furbar/contact.html]
[htmldemo.net/furbar-1/furbar/assets/images/cart/cart-1.jpg]
[htmldemo.net/furbar-1/furbar/assets/images/cart/cart-2.jpg]
[htmldemo.net/furbar-1/furbar/assets/images/cart/cart-3.jpg]
[htmldemo.net/furbar-1/furbar/assets/images/slider/slider-item-1.png]
[htmldemo.net/furbar-1/furbar/assets/images/slider/slider-item-2.png]
[htmldemo.net/furbar-1/furbar/assets/images/slider/slider-item-3.png]
[htmldemo.net/furbar-1/furbar/assets/images/banner/banner-01.jpg]
[htmldemo.net/furbar-1/furbar/assets/images/banner/banner-02.jpg]
[htmldemo.net/furbar-1/furbar/assets/images/banner/banner-03.jpg]
[htmldemo.net/furbar-1/furbar/assets/images/banner/banner-04.jpg]
[htmldemo.net/furbar-1/furbar/assets/images/product/product-01.jpg]
[htmldemo.net/furbar-1/furbar/assets/images/product/product-02.jpg]
[htmldemo.net/furbar-1/furbar/assets/images/product/product-03.jpg]
[htmldemo.net/furbar-1/furbar/assets/images/product/product-04.jpg]
[htmldemo.net/furbar-1/furbar/assets/images/product/product-05.jpg]
[htmldemo.net/furbar-1/furbar/assets/images/product/product-06.jpg]
[htmldemo.net/furbar-1/furbar/assets/images/product/product-07.jpg]
[htmldemo.net/furbar-1/furbar/assets/images/product/product-08.jpg]
[htmldemo.net/furbar-1/furbar/assets/images/product/product-09.jpg]
[htmldemo.net/furbar-1/furbar/assets/images/bg-1.jpg]
[htmldemo.net/furbar-1/furbar/assets/images/brand/brand-2-1.png]
[htmldemo.net/furbar-1/furbar/assets/images/brand/brand-2-2.png]
[htmldemo.net/furbar-1/furbar/assets/images/brand/brand-2-3.png]
[htmldemo.net/furbar-1/furbar/assets/images/brand/brand-2-4.png]
[htmldemo.net/furbar-1/furbar/assets/images/brand/brand-2-5.png]
[htmldemo.net/furbar-1/furbar/assets/images/icon/icon-1.png]
[htmldemo.net/furbar-1/furbar/assets/images/icon/icon-2.png]
[htmldemo.net/furbar-1/furbar/assets/images/icon/icon-3.png]
[htmldemo.net/furbar-1/furbar/assets/images/product/product-10.jpg]
[htmldemo.net/furbar-1/furbar/assets/images/products-banner/products-01.jpg]
[htmldemo.net/furbar-1/furbar/assets/images/products-banner/products-02.jpg]
[htmldemo.net/furbar-1/furbar/assets/images/products-banner/products-03.jpg]
[htmldemo.net/furbar-1/furbar/assets/images/products-banner/products-04.jpg]
[htmldemo.net/furbar-1/furbar/assets/images/blog/blog-01.jpg]
[htmldemo.net/furbar-1/furbar/assets/images/blog/blog-02.jpg]
[htmldemo.net/furbar-1/furbar/assets/images/blog/blog-03.jpg]
[htmldemo.net/furbar-1/furbar/assets/images/icon/icon-4.png]
[htmldemo.net/furbar-1/furbar/assets/images/payment.png]
[htmldemo.net/furbar-1/furbar/assets/images/product-details/product-details-1.jpg]
[htmldemo.net/furbar-1/furbar/assets/images/product-details/product-details-2.jpg]
[htmldemo.net/furbar-1/furbar/assets/images/product-details/product-details-3.jpg]
[htmldemo.net/furbar-1/furbar/assets/images/product-details/product-details-4.jpg]
[htmldemo.net/furbar-1/furbar/assets/images/product-details/product-details-5.jpg]
[htmldemo.net/furbar-1/furbar/assets/js/vendor/modernizr-3.11.2.min.js]
[htmldemo.net/furbar-1/furbar/assets/js/vendor/jquery-3.5.1.min.js]
[htmldemo.net/furbar-1/furbar/assets/js/plugins/popper.min.js]
[htmldemo.net/furbar-1/furbar/assets/js/plugins/bootstrap.min.js]
[htmldemo.net/furbar-1/furbar/assets/js/plugins/swiper-bundle.min.js]
[htmldemo.net/furbar-1/furbar/assets/js/plugins/ajax-contact.js]
[htmldemo.net/furbar-1/furbar/assets/js/plugins/odometer.min.js]
[htmldemo.net/furbar-1/furbar/assets/js/plugins/select2.min.js]
[htmldemo.net/furbar-1/furbar/assets/js/plugins/ion.rangeSlider.min.js]
[htmldemo.net/furbar-1/furbar/assets/js/plugins/jquery.zoom.min.js]
[htmldemo.net/furbar-1/furbar/index.html]
[htmldemo.net/furbar-1/furbar/assets/js/main.js]
[htmldemo.net/furbar-1/furbar/assets/fonts/Pe-icon-7-strokebb1d.eot]
[htmldemo.net/furbar-1/furbar/assets/fonts/Pe-icon-7-stroked41d.eot]
[htmldemo.net/furbar-1/furbar/assets/fonts/Pe-icon-7-strokebb1d.woff]
[htmldemo.net/furbar-1/furbar/assets/fonts/Pe-icon-7-strokebb1d.ttf]
[htmldemo.net/furbar-1/furbar/assets/css/plugins/pe-icon-7-stroke.css]
[htmldemo.net/furbar-1/furbar/assets/fonts/Pe-icon-7-strokebb1d.svg]
[htmldemo.net/furbar-1/furbar/assets/fonts/fontawesome-webfont3e6e.eot]
[htmldemo.net/furbar-1/furbar/assets/fonts/fontawesome-webfontd41d.eot]
[htmldemo.net/furbar-1/furbar/assets/fonts/fontawesome-webfont3e6e.woff2]
[htmldemo.net/furbar-1/furbar/assets/fonts/fontawesome-webfont3e6e.woff]
[htmldemo.net/furbar-1/furbar/assets/fonts/fontawesome-webfont3e6e.ttf]
[htmldemo.net/furbar-1/furbar/assets/css/plugins/font-awesome.min.css]
[htmldemo.net/furbar-1/furbar/assets/css/plugins/bootstrap.min.css]
[htmldemo.net/furbar-1/furbar/assets/css/plugins/animate.min.css]
[htmldemo.net/furbar-1/furbar/assets/css/plugins/swiper-bundle.min.css]
[htmldemo.net/furbar-1/furbar/assets/css/plugins/odometer.min.css]
[htmldemo.net/furbar-1/furbar/assets/css/plugins/select2.min.css]
[htmldemo.net/furbar-1/furbar/assets/css/plugins/ion.rangeSlider.min.css]
[htmldemo.net/furbar-1/furbar/assets/css/style.min.css]
[htmldemo.net/furbar-1/furbar/assets/fonts/fontawesome-webfont3e6e.svg]
[htmldemo.net/furbar-1/furbar/assets/images/slider/slider-01.jpg]
[htmldemo.net/furbar-1/furbar/assets/images/slider/slider-02.jpg]
[htmldemo.net/furbar-1/furbar/assets/images/product/product-11.jpg]
[htmldemo.net/furbar-1/furbar/assets/images/product/product-12.jpg]
[htmldemo.net/furbar-1/furbar/assets/images/banner/banner-05.jpg]
[htmldemo.net/furbar-1/furbar/assets/images/banner/banner-06.jpg]
[htmldemo.net/furbar-1/furbar/assets/images/countdown.png]
[htmldemo.net/furbar-1/furbar/assets/images/marker.jpg]
[htmldemo.net/furbar-1/furbar/assets/images/brand/brand-1.png]
[htmldemo.net/furbar-1/furbar/assets/images/brand/brand-2.png]
[htmldemo.net/furbar-1/furbar/assets/images/brand/brand-3.png]
[htmldemo.net/furbar-1/furbar/assets/images/brand/brand-4.png]
[htmldemo.net/furbar-1/furbar/assets/images/brand/brand-5.png]
[htmldemo.net/furbar-1/furbar/index-2.html]
[htmldemo.net/furbar-1/furbar/assets/images/page-banner.jpg]
[htmldemo.net/furbar-1/furbar/assets/images/icon/icon-5.jpg]
[htmldemo.net/furbar-1/furbar/assets/images/images-gallery/image-1.jpg]
[htmldemo.net/furbar-1/furbar/assets/images/images-gallery/image-2.jpg]
[htmldemo.net/furbar-1/furbar/assets/images/images-gallery/image-3.jpg]
[htmldemo.net/furbar-1/furbar/assets/images/images-gallery/image-4.jpg]
[htmldemo.net/furbar-1/furbar/assets/images/icon/quote.png]
[htmldemo.net/furbar-1/furbar/assets/images/author-1.jpg]
[htmldemo.net/furbar-1/furbar/assets/images/team/team-1.jpg]
[htmldemo.net/furbar-1/furbar/assets/images/team/team-2.jpg]
[htmldemo.net/furbar-1/furbar/assets/images/team/team-3.jpg]
[htmldemo.net/furbar-1/furbar/about.html]
[htmldemo.net/furbar-1/furbar/assets/images/product/product-13.jpg]
[htmldemo.net/furbar-1/furbar/shop-grid-3-column.html]
[htmldemo.net/furbar-1/furbar/shop-grid-4-column.html]
[htmldemo.net/furbar-1/furbar/shop-grid-left-sidebar.html]
[htmldemo.net/furbar-1/furbar/shop-grid-right-sidebar.html]
[htmldemo.net/furbar-1/furbar/shop-list.html]
[htmldemo.net/furbar-1/furbar/shop-list-left-sidebar.html]
[htmldemo.net/furbar-1/furbar/shop-list-right-sidebar.html]
[htmldemo.net/furbar-1/furbar/assets/images/author/author-1.png]
[htmldemo.net/furbar-1/furbar/assets/images/author/author-2.png]
[htmldemo.net/furbar-1/furbar/assets/images/author/author-3.png]
[htmldemo.net/furbar-1/furbar/product-details.html]
[htmldemo.net/furbar-1/furbar/product-details-affiliate.html]
[htmldemo.net/furbar-1/furbar/product-details-gallery.html]
[htmldemo.net/furbar-1/furbar/product-details-group.html]
[htmldemo.net/furbar-1/furbar/product-details-sticky.html]
[htmldemo.net/furbar-1/furbar/cart.html]
[htmldemo.net/furbar-1/furbar/wishlist.html]
[htmldemo.net/furbar-1/furbar/assets/images/payment-2.webp]
[htmldemo.net/furbar-1/furbar/checkout.html]
[htmldemo.net/furbar-1/furbar/my-account.html]
[htmldemo.net/furbar-1/furbar/compare.html]
[htmldemo.net/furbar-1/furbar/assets/images/cart.png]
[htmldemo.net/furbar-1/furbar/empty-cart.html]
[htmldemo.net/furbar-1/furbar/login.html]
[htmldemo.net/furbar-1/furbar/register.html]
[htmldemo.net/furbar-1/furbar/assets/images/blog/blog-09.jpg]
[htmldemo.net/furbar-1/furbar/assets/images/blog/blog-07.jpg]
[htmldemo.net/furbar-1/furbar/assets/images/blog/blog-04.jpg]
[htmldemo.net/furbar-1/furbar/assets/images/blog/blog-05.jpg]
[htmldemo.net/furbar-1/furbar/assets/images/blog/blog-06.jpg]
[htmldemo.net/furbar-1/furbar/assets/images/blog/blog-08.jpg]
[htmldemo.net/furbar-1/furbar/blog-grid.html]
[htmldemo.net/furbar-1/furbar/blog-grid-left-sidebar.html]
[htmldemo.net/furbar-1/furbar/blog-grid-right-sidebar.html]
[htmldemo.net/furbar-1/furbar/assets/images/blog/blog-list-01.jpg]
[htmldemo.net/furbar-1/furbar/assets/images/blog/blog-list-02.jpg]
[htmldemo.net/furbar-1/furbar/assets/images/blog/blog-list-04.jpg]
[htmldemo.net/furbar-1/furbar/assets/images/blog/blog-list-06.jpg]
[htmldemo.net/furbar-1/furbar/assets/images/blog/blog-list-03.jpg]
[htmldemo.net/furbar-1/furbar/assets/images/blog/blog-list-05.jpg]
[htmldemo.net/furbar-1/furbar/blog-list-left-sidebar.html]
[htmldemo.net/furbar-1/furbar/blog-list-right-sidebar.html]
[htmldemo.net/furbar-1/furbar/assets/images/blog/blog-details.jpg]
[htmldemo.net/furbar-1/furbar/assets/images/blog/blog-dec-img1.jpg]
[htmldemo.net/furbar-1/furbar/assets/images/blog/blog-dec-img2.jpg]
[htmldemo.net/furbar-1/furbar/assets/images/blog/admin-author.jpg]
[htmldemo.net/furbar-1/furbar/assets/images/blog/signechar.png]
[htmldemo.net/furbar-1/furbar/blog-details-left-sidebar.html]
[htmldemo.net/furbar-1/furbar/blog-details-right-sidebar.html]
[htmldemo.net/furbar-1/furbar/assets/images/contact-info.png]
[htmldemo.net/furbar-1/furbar/contact.html]
[htmldemo.net/furbar-1/furbar/assets/fonts/Pe-icon-7-strokebb1d.svg]
[htmldemo.net/furbar-1/furbar/assets/fonts/fontawesome-webfont3e6e.svg]
[htmldemo.net/furbar-1/furbar/assets/images/payment-2.html]
